This file contains any messages produced by compilers while
running configure, to aid debugging if configure makes a mistake.

It was created by libnl configure 3.5.0, which was
generated by GNU Autoconf 2.69.  Invocation command line was

  $ ./configure --host=riscv-linux --prefix=/home/jyh/ws73_sdk_linux_ws73_1.10.110/output/build/open_source/libnl

## --------- ##
## Platform. ##
## --------- ##

hostname = jyh-Surface-Pro-6
uname -m = x86_64
uname -r = 6.11.0-17-generic
uname -s = Linux
uname -v = #17~24.04.2-Ubuntu SMP PREEMPT_DYNAMIC Mon Jan 20 22:48:29 UTC 2

/usr/bin/uname -p = x86_64
/bin/uname -X     = unknown

/bin/arch              = x86_64
/usr/bin/arch -k       = unknown
/usr/convex/getsysinfo = unknown
/usr/bin/hostinfo      = unknown
/bin/machine           = unknown
/usr/bin/oslevel       = unknown
/bin/universe          = unknown

PATH: /usr/local/sbin
PATH: /usr/local/bin
PATH: /usr/sbin
PATH: /usr/bin
PATH: /sbin
PATH: /bin
PATH: /usr/games
PATH: /usr/local/games
PATH: /snap/bin
PATH: /snap/bin


## ----------- ##
## Core tests. ##
## ----------- ##

configure:2307: checking for a BSD-compatible install
configure:2375: result: /usr/bin/install -c
configure:2386: checking whether build environment is sane
configure:2441: result: yes
configure:2500: checking for riscv-linux-strip
configure:2530: result: no
configure:2540: checking for strip
configure:2556: found /usr/bin/strip
configure:2567: result: strip
configure:2592: checking for a thread-safe mkdir -p
configure:2631: result: /usr/bin/mkdir -p
configure:2638: checking for gawk
configure:2654: found /usr/bin/gawk
configure:2665: result: gawk
configure:2676: checking whether make sets $(MAKE)
configure:2698: result: yes
configure:2727: checking whether make supports nested variables
configure:2744: result: yes
configure:2881: checking whether make supports nested variables
configure:2898: result: yes
configure:2913: checking whether make supports the include directive
configure:2928: make -f confmf.GNU && cat confinc.out
make[2]: Entering directory '/home/jyh/ws73_sdk_linux_ws73_1.10.110/open_source/libnl'
make[2]: Leaving directory '/home/jyh/ws73_sdk_linux_ws73_1.10.110/open_source/libnl'
this is the am__doit target
configure:2931: $? = 0
configure:2950: result: yes (GNU style)
configure:2980: checking for riscv-linux-gcc
configure:3007: result: /opt/toolchain/Xuantie-900-gcc-linux-6.6.0-glibc-x86_64-V2.10.1/bin/riscv64-unknown-linux-gnu-gcc
configure:3276: checking for C compiler version
configure:3285: /opt/toolchain/Xuantie-900-gcc-linux-6.6.0-glibc-x86_64-V2.10.1/bin/riscv64-unknown-linux-gnu-gcc --version >&5
riscv64-unknown-linux-gnu-gcc (Xuantie-900 linux-6.6.0 glibc gcc Toolchain V2.10.1 B-20240712) 10.4.0
Copyright (C) 2020 Free Software Foundation, Inc.
This is free software; see the source for copying conditions.  There is NO
warranty; not even for MERCHANTABILITY or FITNESS FOR A PARTICULAR PURPOSE.

configure:3296: $? = 0
configure:3285: /opt/toolchain/Xuantie-900-gcc-linux-6.6.0-glibc-x86_64-V2.10.1/bin/riscv64-unknown-linux-gnu-gcc -v >&5
Using built-in specs.
COLLECT_GCC=/opt/toolchain/Xuantie-900-gcc-linux-6.6.0-glibc-x86_64-V2.10.1/bin/riscv64-unknown-linux-gnu-gcc
COLLECT_LTO_WRAPPER=/opt/toolchain/Xuantie-900-gcc-linux-6.6.0-glibc-x86_64-V2.10.1/bin/../libexec/gcc/riscv64-unknown-linux-gnu/10.4.0/lto-wrapper
Target: riscv64-unknown-linux-gnu
Configured with: /mnt/ssd/jenkins_iotsw/slave/workspace/Toolchain/build-gnu-riscv_4/./source/riscv/riscv-gcc/configure --target=riscv64-unknown-linux-gnu --with-gmp=/mnt/ssd/jenkins_iotsw/slave/workspace/Toolchain/build-gnu-riscv_4/build-gcc-riscv64-unknown-linux-gnu/build-Xuantie-900-gcc-linux-6.6.0-glibc-x86_64-V2.10.1/lib-for-gcc-x86_64-linux --with-mpfr=/mnt/ssd/jenkins_iotsw/slave/workspace/Toolchain/build-gnu-riscv_4/build-gcc-riscv64-unknown-linux-gnu/build-Xuantie-900-gcc-linux-6.6.0-glibc-x86_64-V2.10.1/lib-for-gcc-x86_64-linux --with-mpc=/mnt/ssd/jenkins_iotsw/slave/workspace/Toolchain/build-gnu-riscv_4/build-gcc-riscv64-unknown-linux-gnu/build-Xuantie-900-gcc-linux-6.6.0-glibc-x86_64-V2.10.1/lib-for-gcc-x86_64-linux --with-libexpat-prefix=/mnt/ssd/jenkins_iotsw/slave/workspace/Toolchain/build-gnu-riscv_4/build-gcc-riscv64-unknown-linux-gnu/build-Xuantie-900-gcc-linux-6.6.0-glibc-x86_64-V2.10.1/lib-for-gcc-x86_64-linux --with-libmpfr-prefix=/mnt/ssd/jenkins_iotsw/slave/workspace/Toolchain/build-gnu-riscv_4/build-gcc-riscv64-unknown-linux-gnu/build-Xuantie-900-gcc-linux-6.6.0-glibc-x86_64-V2.10.1/lib-for-gcc-x86_64-linux --with-pkgversion='Xuantie-900 linux-6.6.0 glibc gcc Toolchain V2.10.1 B-20240712' CXXFLAGS='-g -O2 -DTHEAD_VERSION_NUMBER=2.10.1 ' --prefix=/mnt/ssd/jenkins_iotsw/slave/workspace/Toolchain/build-gnu-riscv_4/build-gcc-riscv64-unknown-linux-gnu/Xuantie-900-gcc-linux-6.6.0-glibc-x86_64-V2.10.1 --with-sysroot=/mnt/ssd/jenkins_iotsw/slave/workspace/Toolchain/build-gnu-riscv_4/build-gcc-riscv64-unknown-linux-gnu/Xuantie-900-gcc-linux-6.6.0-glibc-x86_64-V2.10.1/sysroot --with-system-zlib --enable-shared --enable-tls --enable-languages=c,c++,fortran --disable-libmudflap --disable-libssp --disable-libquadmath --enable-libsanitizer --disable-nls --disable-bootstrap --src=/mnt/ssd/jenkins_iotsw/slave/workspace/Toolchain/build-gnu-riscv_4/./source/riscv/riscv-gcc --enable-multilib --with-abi=lp64d --with-arch=rv64gc_zfh_xtheadc 'CFLAGS_FOR_TARGET=-O2   -mcmodel=medany' 'CXXFLAGS_FOR_TARGET=-O2   -mcmodel=medany'
Thread model: posix
Supported LTO compression algorithms: zlib
gcc version 10.4.0 (Xuantie-900 linux-6.6.0 glibc gcc Toolchain V2.10.1 B-20240712) 
configure:3296: $? = 0
configure:3285: /opt/toolchain/Xuantie-900-gcc-linux-6.6.0-glibc-x86_64-V2.10.1/bin/riscv64-unknown-linux-gnu-gcc -V >&5
riscv64-unknown-linux-gnu-gcc: error: unrecognized command-line option '-V'
riscv64-unknown-linux-gnu-gcc: fatal error: no input files
compilation terminated.
configure:3296: $? = 1
configure:3285: /opt/toolchain/Xuantie-900-gcc-linux-6.6.0-glibc-x86_64-V2.10.1/bin/riscv64-unknown-linux-gnu-gcc -qversion >&5
riscv64-unknown-linux-gnu-gcc: error: unrecognized command-line option '-qversion'; did you mean '--version'?
riscv64-unknown-linux-gnu-gcc: fatal error: no input files
compilation terminated.
configure:3296: $? = 1
configure:3316: checking whether the C compiler works
configure:3338: /opt/toolchain/Xuantie-900-gcc-linux-6.6.0-glibc-x86_64-V2.10.1/bin/riscv64-unknown-linux-gnu-gcc    conftest.c  >&5
configure:3342: $? = 0
configure:3390: result: yes
configure:3393: checking for C compiler default output file name
configure:3395: result: a.out
configure:3401: checking for suffix of executables
configure:3408: /opt/toolchain/Xuantie-900-gcc-linux-6.6.0-glibc-x86_64-V2.10.1/bin/riscv64-unknown-linux-gnu-gcc -o conftest    conftest.c  >&5
configure:3412: $? = 0
configure:3434: result: 
configure:3456: checking whether we are cross compiling
configure:3464: /opt/toolchain/Xuantie-900-gcc-linux-6.6.0-glibc-x86_64-V2.10.1/bin/riscv64-unknown-linux-gnu-gcc -o conftest    conftest.c  >&5
configure:3468: $? = 0
configure:3475: ./conftest
riscv64-binfmt-P: Could not open '/lib/ld-linux-riscv64-lp64d.so.1': No such file or directory
configure:3479: $? = 255
configure:3494: result: yes
configure:3499: checking for suffix of object files
configure:3521: /opt/toolchain/Xuantie-900-gcc-linux-6.6.0-glibc-x86_64-V2.10.1/bin/riscv64-unknown-linux-gnu-gcc -c   conftest.c >&5
configure:3525: $? = 0
configure:3546: result: o
configure:3550: checking whether we are using the GNU C compiler
configure:3569: /opt/toolchain/Xuantie-900-gcc-linux-6.6.0-glibc-x86_64-V2.10.1/bin/riscv64-unknown-linux-gnu-gcc -c   conftest.c >&5
configure:3569: $? = 0
configure:3578: result: yes
configure:3587: checking whether /opt/toolchain/Xuantie-900-gcc-linux-6.6.0-glibc-x86_64-V2.10.1/bin/riscv64-unknown-linux-gnu-gcc accepts -g
configure:3607: /opt/toolchain/Xuantie-900-gcc-linux-6.6.0-glibc-x86_64-V2.10.1/bin/riscv64-unknown-linux-gnu-gcc -c -g  conftest.c >&5
configure:3607: $? = 0
configure:3648: result: yes
configure:3665: checking for /opt/toolchain/Xuantie-900-gcc-linux-6.6.0-glibc-x86_64-V2.10.1/bin/riscv64-unknown-linux-gnu-gcc option to accept ISO C89
configure:3728: /opt/toolchain/Xuantie-900-gcc-linux-6.6.0-glibc-x86_64-V2.10.1/bin/riscv64-unknown-linux-gnu-gcc  -c -g -O2  conftest.c >&5
configure:3728: $? = 0
configure:3741: result: none needed
configure:3766: checking whether /opt/toolchain/Xuantie-900-gcc-linux-6.6.0-glibc-x86_64-V2.10.1/bin/riscv64-unknown-linux-gnu-gcc understands -c and -o together
configure:3788: /opt/toolchain/Xuantie-900-gcc-linux-6.6.0-glibc-x86_64-V2.10.1/bin/riscv64-unknown-linux-gnu-gcc -c conftest.c -o conftest2.o
configure:3791: $? = 0
configure:3788: /opt/toolchain/Xuantie-900-gcc-linux-6.6.0-glibc-x86_64-V2.10.1/bin/riscv64-unknown-linux-gnu-gcc -c conftest.c -o conftest2.o
configure:3791: $? = 0
configure:3803: result: yes
configure:3822: checking dependency style of /opt/toolchain/Xuantie-900-gcc-linux-6.6.0-glibc-x86_64-V2.10.1/bin/riscv64-unknown-linux-gnu-gcc
configure:3933: result: gcc3
configure:3954: checking for riscv-linux-ar
configure:3984: result: no
configure:3954: checking for riscv-linux-lib
configure:3984: result: no
configure:3954: checking for riscv-linux-link
configure:3984: result: no
configure:3998: checking for ar
configure:4014: found /usr/bin/ar
configure:4025: result: ar
configure:4041: WARNING: using cross tools not prefixed with host triplet
configure:4051: checking the archiver (ar) interface
configure:4067: /opt/toolchain/Xuantie-900-gcc-linux-6.6.0-glibc-x86_64-V2.10.1/bin/riscv64-unknown-linux-gnu-gcc -c -g -O2  conftest.c >&5
configure:4067: $? = 0
configure:4069: ar cru libconftest.a conftest.o >&5
ar: `u' modifier ignored since `D' is the default (see `U')
configure:4072: $? = 0
configure:4100: result: ar
configure:4147: checking for riscv-linux-gcc
configure:4174: result: /opt/toolchain/Xuantie-900-gcc-linux-6.6.0-glibc-x86_64-V2.10.1/bin/riscv64-unknown-linux-gnu-gcc
configure:4443: checking for C compiler version
configure:4452: /opt/toolchain/Xuantie-900-gcc-linux-6.6.0-glibc-x86_64-V2.10.1/bin/riscv64-unknown-linux-gnu-gcc --version >&5
riscv64-unknown-linux-gnu-gcc (Xuantie-900 linux-6.6.0 glibc gcc Toolchain V2.10.1 B-20240712) 10.4.0
Copyright (C) 2020 Free Software Foundation, Inc.
This is free software; see the source for copying conditions.  There is NO
warranty; not even for MERCHANTABILITY or FITNESS FOR A PARTICULAR PURPOSE.

configure:4463: $? = 0
configure:4452: /opt/toolchain/Xuantie-900-gcc-linux-6.6.0-glibc-x86_64-V2.10.1/bin/riscv64-unknown-linux-gnu-gcc -v >&5
Using built-in specs.
COLLECT_GCC=/opt/toolchain/Xuantie-900-gcc-linux-6.6.0-glibc-x86_64-V2.10.1/bin/riscv64-unknown-linux-gnu-gcc
COLLECT_LTO_WRAPPER=/opt/toolchain/Xuantie-900-gcc-linux-6.6.0-glibc-x86_64-V2.10.1/bin/../libexec/gcc/riscv64-unknown-linux-gnu/10.4.0/lto-wrapper
Target: riscv64-unknown-linux-gnu
Configured with: /mnt/ssd/jenkins_iotsw/slave/workspace/Toolchain/build-gnu-riscv_4/./source/riscv/riscv-gcc/configure --target=riscv64-unknown-linux-gnu --with-gmp=/mnt/ssd/jenkins_iotsw/slave/workspace/Toolchain/build-gnu-riscv_4/build-gcc-riscv64-unknown-linux-gnu/build-Xuantie-900-gcc-linux-6.6.0-glibc-x86_64-V2.10.1/lib-for-gcc-x86_64-linux --with-mpfr=/mnt/ssd/jenkins_iotsw/slave/workspace/Toolchain/build-gnu-riscv_4/build-gcc-riscv64-unknown-linux-gnu/build-Xuantie-900-gcc-linux-6.6.0-glibc-x86_64-V2.10.1/lib-for-gcc-x86_64-linux --with-mpc=/mnt/ssd/jenkins_iotsw/slave/workspace/Toolchain/build-gnu-riscv_4/build-gcc-riscv64-unknown-linux-gnu/build-Xuantie-900-gcc-linux-6.6.0-glibc-x86_64-V2.10.1/lib-for-gcc-x86_64-linux --with-libexpat-prefix=/mnt/ssd/jenkins_iotsw/slave/workspace/Toolchain/build-gnu-riscv_4/build-gcc-riscv64-unknown-linux-gnu/build-Xuantie-900-gcc-linux-6.6.0-glibc-x86_64-V2.10.1/lib-for-gcc-x86_64-linux --with-libmpfr-prefix=/mnt/ssd/jenkins_iotsw/slave/workspace/Toolchain/build-gnu-riscv_4/build-gcc-riscv64-unknown-linux-gnu/build-Xuantie-900-gcc-linux-6.6.0-glibc-x86_64-V2.10.1/lib-for-gcc-x86_64-linux --with-pkgversion='Xuantie-900 linux-6.6.0 glibc gcc Toolchain V2.10.1 B-20240712' CXXFLAGS='-g -O2 -DTHEAD_VERSION_NUMBER=2.10.1 ' --prefix=/mnt/ssd/jenkins_iotsw/slave/workspace/Toolchain/build-gnu-riscv_4/build-gcc-riscv64-unknown-linux-gnu/Xuantie-900-gcc-linux-6.6.0-glibc-x86_64-V2.10.1 --with-sysroot=/mnt/ssd/jenkins_iotsw/slave/workspace/Toolchain/build-gnu-riscv_4/build-gcc-riscv64-unknown-linux-gnu/Xuantie-900-gcc-linux-6.6.0-glibc-x86_64-V2.10.1/sysroot --with-system-zlib --enable-shared --enable-tls --enable-languages=c,c++,fortran --disable-libmudflap --disable-libssp --disable-libquadmath --enable-libsanitizer --disable-nls --disable-bootstrap --src=/mnt/ssd/jenkins_iotsw/slave/workspace/Toolchain/build-gnu-riscv_4/./source/riscv/riscv-gcc --enable-multilib --with-abi=lp64d --with-arch=rv64gc_zfh_xtheadc 'CFLAGS_FOR_TARGET=-O2   -mcmodel=medany' 'CXXFLAGS_FOR_TARGET=-O2   -mcmodel=medany'
Thread model: posix
Supported LTO compression algorithms: zlib
gcc version 10.4.0 (Xuantie-900 linux-6.6.0 glibc gcc Toolchain V2.10.1 B-20240712) 
configure:4463: $? = 0
configure:4452: /opt/toolchain/Xuantie-900-gcc-linux-6.6.0-glibc-x86_64-V2.10.1/bin/riscv64-unknown-linux-gnu-gcc -V >&5
riscv64-unknown-linux-gnu-gcc: error: unrecognized command-line option '-V'
riscv64-unknown-linux-gnu-gcc: fatal error: no input files
compilation terminated.
configure:4463: $? = 1
configure:4452: /opt/toolchain/Xuantie-900-gcc-linux-6.6.0-glibc-x86_64-V2.10.1/bin/riscv64-unknown-linux-gnu-gcc -qversion >&5
riscv64-unknown-linux-gnu-gcc: error: unrecognized command-line option '-qversion'; did you mean '--version'?
riscv64-unknown-linux-gnu-gcc: fatal error: no input files
compilation terminated.
configure:4463: $? = 1
configure:4467: checking whether we are using the GNU C compiler
configure:4495: result: yes
configure:4504: checking whether /opt/toolchain/Xuantie-900-gcc-linux-6.6.0-glibc-x86_64-V2.10.1/bin/riscv64-unknown-linux-gnu-gcc accepts -g
configure:4565: result: yes
configure:4582: checking for /opt/toolchain/Xuantie-900-gcc-linux-6.6.0-glibc-x86_64-V2.10.1/bin/riscv64-unknown-linux-gnu-gcc option to accept ISO C89
configure:4658: result: none needed
configure:4683: checking whether /opt/toolchain/Xuantie-900-gcc-linux-6.6.0-glibc-x86_64-V2.10.1/bin/riscv64-unknown-linux-gnu-gcc understands -c and -o together
configure:4720: result: yes
configure:4739: checking dependency style of /opt/toolchain/Xuantie-900-gcc-linux-6.6.0-glibc-x86_64-V2.10.1/bin/riscv64-unknown-linux-gnu-gcc
configure:4850: result: gcc3
configure:4896: checking build system type
configure:4910: result: x86_64-pc-linux-gnu
configure:4930: checking host system type
configure:4943: result: riscv-unknown-linux-gnu
configure:4984: checking how to print strings
configure:5011: result: printf
configure:5032: checking for a sed that does not truncate output
configure:5096: result: /usr/bin/sed
configure:5114: checking for grep that handles long lines and -e
configure:5172: result: /usr/bin/grep
configure:5177: checking for egrep
configure:5239: result: /usr/bin/grep -E
configure:5244: checking for fgrep
configure:5306: result: /usr/bin/grep -F
configure:5341: checking for ld used by /opt/toolchain/Xuantie-900-gcc-linux-6.6.0-glibc-x86_64-V2.10.1/bin/riscv64-unknown-linux-gnu-gcc
configure:5408: result: /opt/toolchain/Xuantie-900-gcc-linux-6.6.0-glibc-x86_64-V2.10.1/riscv64-unknown-linux-gnu/bin/ld
configure:5415: checking if the linker (/opt/toolchain/Xuantie-900-gcc-linux-6.6.0-glibc-x86_64-V2.10.1/riscv64-unknown-linux-gnu/bin/ld) is GNU ld
configure:5430: result: yes
configure:5442: checking for BSD- or MS-compatible name lister (nm)
configure:5496: result: no
configure:5510: checking for riscv-linux-dumpbin
configure:5540: result: no
configure:5510: checking for riscv-linux-link
configure:5540: result: no
configure:5554: checking for dumpbin
configure:5584: result: no
configure:5554: checking for link
configure:5570: found /usr/bin/link
configure:5581: result: link -dump
configure:5626: checking the name lister (nm) interface
configure:5633: /opt/toolchain/Xuantie-900-gcc-linux-6.6.0-glibc-x86_64-V2.10.1/bin/riscv64-unknown-linux-gnu-gcc -c -g -O2  conftest.c >&5
configure:5636: nm "conftest.o"
configure:5639: output
000000000000000e N .LASF0
000000000000004e N .LASF1
0000000000000059 N .LASF2
0000000000000000 N .LASF3
0000000000000000 N .Ldebug_abbrev0
0000000000000000 N .Ldebug_info0
0000000000000000 N .Ldebug_line0
0000000000000000 B some_variable
configure:5646: result: BSD nm
configure:5649: checking whether ln -s works
configure:5653: result: yes
configure:5661: checking the maximum length of command line arguments
configure:5792: result: 1572864
configure:5840: checking how to convert x86_64-pc-linux-gnu file names to riscv-unknown-linux-gnu format
configure:5880: result: func_convert_file_noop
configure:5887: checking how to convert x86_64-pc-linux-gnu file names to toolchain format
configure:5907: result: func_convert_file_noop
configure:5914: checking for /opt/toolchain/Xuantie-900-gcc-linux-6.6.0-glibc-x86_64-V2.10.1/riscv64-unknown-linux-gnu/bin/ld option to reload object files
configure:5921: result: -r
configure:5955: checking for riscv-linux-objdump
configure:5985: result: no
configure:5995: checking for objdump
configure:6011: found /usr/bin/objdump
configure:6022: result: objdump
configure:6054: checking how to recognize dependent libraries
configure:6254: result: pass_all
configure:6299: checking for riscv-linux-dlltool
configure:6329: result: no
configure:6339: checking for dlltool
configure:6369: result: no
configure:6399: checking how to associate runtime and link libraries
configure:6426: result: printf %s\n
configure:6442: checking for riscv-linux-ar
configure:6469: result: ar
configure:6550: checking for archiver @FILE support
configure:6567: /opt/toolchain/Xuantie-900-gcc-linux-6.6.0-glibc-x86_64-V2.10.1/bin/riscv64-unknown-linux-gnu-gcc -c -g -O2  conftest.c >&5
configure:6567: $? = 0
configure:6570: ar cru libconftest.a @conftest.lst >&5
ar: `u' modifier ignored since `D' is the default (see `U')
configure:6573: $? = 0
configure:6578: ar cru libconftest.a @conftest.lst >&5
ar: `u' modifier ignored since `D' is the default (see `U')
ar: conftest.o: No such file or directory
configure:6581: $? = 1
configure:6593: result: @
configure:6611: checking for riscv-linux-strip
configure:6638: result: strip
configure:6710: checking for riscv-linux-ranlib
configure:6740: result: no
configure:6750: checking for ranlib
configure:6766: found /usr/bin/ranlib
configure:6777: result: ranlib
configure:6879: checking command to parse nm output from /opt/toolchain/Xuantie-900-gcc-linux-6.6.0-glibc-x86_64-V2.10.1/bin/riscv64-unknown-linux-gnu-gcc object
configure:7032: /opt/toolchain/Xuantie-900-gcc-linux-6.6.0-glibc-x86_64-V2.10.1/bin/riscv64-unknown-linux-gnu-gcc -c -g -O2  conftest.c >&5
configure:7035: $? = 0
configure:7039: nm conftest.o \| sed -n -e 's/^.*[ ]\([ABCDGIRSTW][ABCDGIRSTW]*\)[ ][ ]*\([_A-Za-z][_A-Za-z0-9]*\)$/\1 \2 \2/p' | sed '/ __gnu_lto/d' \> conftest.nm
configure:7042: $? = 0
configure:7108: /opt/toolchain/Xuantie-900-gcc-linux-6.6.0-glibc-x86_64-V2.10.1/bin/riscv64-unknown-linux-gnu-gcc -o conftest -g -O2   conftest.c conftstm.o >&5
configure:7111: $? = 0
configure:7149: result: ok
configure:7196: checking for sysroot
configure:7226: result: no
configure:7233: checking for a working dd
configure:7271: result: /usr/bin/dd
configure:7275: checking how to truncate binary pipes
configure:7290: result: /usr/bin/dd bs=4096 count=1
configure:7579: checking for riscv-linux-mt
configure:7609: result: no
configure:7619: checking for mt
configure:7635: found /usr/bin/mt
configure:7646: result: mt
configure:7669: checking if mt is a manifest tool
configure:7675: mt '-?'
configure:7683: result: no
configure:8360: checking how to run the C preprocessor
configure:8391: /opt/toolchain/Xuantie-900-gcc-linux-6.6.0-glibc-x86_64-V2.10.1/bin/riscv64-unknown-linux-gnu-gcc -E  conftest.c
configure:8391: $? = 0
configure:8405: /opt/toolchain/Xuantie-900-gcc-linux-6.6.0-glibc-x86_64-V2.10.1/bin/riscv64-unknown-linux-gnu-gcc -E  conftest.c
conftest.c:11:10: fatal error: ac_nonexistent.h: No such file or directory
   11 | #include <ac_nonexistent.h>
      |          ^~~~~~~~~~~~~~~~~~
compilation terminated.
configure:8405: $? = 1
configure: failed program was:
| /* confdefs.h */
| #define PACKAGE_NAME "libnl"
| #define PACKAGE_TARNAME "libnl"
| #define PACKAGE_VERSION "3.5.0"
| #define PACKAGE_STRING "libnl 3.5.0"
| #define PACKAGE_BUGREPORT ""
| #define PACKAGE_URL "http://www.infradead.org/~tgr/libnl/"
| #define PACKAGE "libnl"
| #define VERSION "3.5.0"
| /* end confdefs.h.  */
| #include <ac_nonexistent.h>
configure:8430: result: /opt/toolchain/Xuantie-900-gcc-linux-6.6.0-glibc-x86_64-V2.10.1/bin/riscv64-unknown-linux-gnu-gcc -E
configure:8450: /opt/toolchain/Xuantie-900-gcc-linux-6.6.0-glibc-x86_64-V2.10.1/bin/riscv64-unknown-linux-gnu-gcc -E  conftest.c
configure:8450: $? = 0
configure:8464: /opt/toolchain/Xuantie-900-gcc-linux-6.6.0-glibc-x86_64-V2.10.1/bin/riscv64-unknown-linux-gnu-gcc -E  conftest.c
conftest.c:11:10: fatal error: ac_nonexistent.h: No such file or directory
   11 | #include <ac_nonexistent.h>
      |          ^~~~~~~~~~~~~~~~~~
compilation terminated.
configure:8464: $? = 1
configure: failed program was:
| /* confdefs.h */
| #define PACKAGE_NAME "libnl"
| #define PACKAGE_TARNAME "libnl"
| #define PACKAGE_VERSION "3.5.0"
| #define PACKAGE_STRING "libnl 3.5.0"
| #define PACKAGE_BUGREPORT ""
| #define PACKAGE_URL "http://www.infradead.org/~tgr/libnl/"
| #define PACKAGE "libnl"
| #define VERSION "3.5.0"
| /* end confdefs.h.  */
| #include <ac_nonexistent.h>
configure:8493: checking for ANSI C header files
configure:8513: /opt/toolchain/Xuantie-900-gcc-linux-6.6.0-glibc-x86_64-V2.10.1/bin/riscv64-unknown-linux-gnu-gcc -c -g -O2  conftest.c >&5
configure:8513: $? = 0
configure:8597: result: yes
configure:8610: checking for sys/types.h
configure:8610: /opt/toolchain/Xuantie-900-gcc-linux-6.6.0-glibc-x86_64-V2.10.1/bin/riscv64-unknown-linux-gnu-gcc -c -g -O2  conftest.c >&5
configure:8610: $? = 0
configure:8610: result: yes
configure:8610: checking for sys/stat.h
configure:8610: /opt/toolchain/Xuantie-900-gcc-linux-6.6.0-glibc-x86_64-V2.10.1/bin/riscv64-unknown-linux-gnu-gcc -c -g -O2  conftest.c >&5
configure:8610: $? = 0
configure:8610: result: yes
configure:8610: checking for stdlib.h
configure:8610: /opt/toolchain/Xuantie-900-gcc-linux-6.6.0-glibc-x86_64-V2.10.1/bin/riscv64-unknown-linux-gnu-gcc -c -g -O2  conftest.c >&5
configure:8610: $? = 0
configure:8610: result: yes
configure:8610: checking for string.h
configure:8610: /opt/toolchain/Xuantie-900-gcc-linux-6.6.0-glibc-x86_64-V2.10.1/bin/riscv64-unknown-linux-gnu-gcc -c -g -O2  conftest.c >&5
configure:8610: $? = 0
configure:8610: result: yes
configure:8610: checking for memory.h
configure:8610: /opt/toolchain/Xuantie-900-gcc-linux-6.6.0-glibc-x86_64-V2.10.1/bin/riscv64-unknown-linux-gnu-gcc -c -g -O2  conftest.c >&5
configure:8610: $? = 0
configure:8610: result: yes
configure:8610: checking for strings.h
configure:8610: /opt/toolchain/Xuantie-900-gcc-linux-6.6.0-glibc-x86_64-V2.10.1/bin/riscv64-unknown-linux-gnu-gcc -c -g -O2  conftest.c >&5
configure:8610: $? = 0
configure:8610: result: yes
configure:8610: checking for inttypes.h
configure:8610: /opt/toolchain/Xuantie-900-gcc-linux-6.6.0-glibc-x86_64-V2.10.1/bin/riscv64-unknown-linux-gnu-gcc -c -g -O2  conftest.c >&5
configure:8610: $? = 0
configure:8610: result: yes
configure:8610: checking for stdint.h
configure:8610: /opt/toolchain/Xuantie-900-gcc-linux-6.6.0-glibc-x86_64-V2.10.1/bin/riscv64-unknown-linux-gnu-gcc -c -g -O2  conftest.c >&5
configure:8610: $? = 0
configure:8610: result: yes
configure:8610: checking for unistd.h
configure:8610: /opt/toolchain/Xuantie-900-gcc-linux-6.6.0-glibc-x86_64-V2.10.1/bin/riscv64-unknown-linux-gnu-gcc -c -g -O2  conftest.c >&5
configure:8610: $? = 0
configure:8610: result: yes
configure:8624: checking for dlfcn.h
configure:8624: /opt/toolchain/Xuantie-900-gcc-linux-6.6.0-glibc-x86_64-V2.10.1/bin/riscv64-unknown-linux-gnu-gcc -c -g -O2  conftest.c >&5
configure:8624: $? = 0
configure:8624: result: yes
configure:8880: checking for objdir
configure:8895: result: .libs
configure:9159: checking if /opt/toolchain/Xuantie-900-gcc-linux-6.6.0-glibc-x86_64-V2.10.1/bin/riscv64-unknown-linux-gnu-gcc supports -fno-rtti -fno-exceptions
configure:9177: /opt/toolchain/Xuantie-900-gcc-linux-6.6.0-glibc-x86_64-V2.10.1/bin/riscv64-unknown-linux-gnu-gcc -c -g -O2  -fno-rtti -fno-exceptions conftest.c >&5
cc1: warning: command-line option '-fno-rtti' is valid for C++/D/ObjC++ but not for C
configure:9181: $? = 0
configure:9194: result: no
configure:9552: checking for /opt/toolchain/Xuantie-900-gcc-linux-6.6.0-glibc-x86_64-V2.10.1/bin/riscv64-unknown-linux-gnu-gcc option to produce PIC
configure:9559: result: -fPIC -DPIC
configure:9567: checking if /opt/toolchain/Xuantie-900-gcc-linux-6.6.0-glibc-x86_64-V2.10.1/bin/riscv64-unknown-linux-gnu-gcc PIC flag -fPIC -DPIC works
configure:9585: /opt/toolchain/Xuantie-900-gcc-linux-6.6.0-glibc-x86_64-V2.10.1/bin/riscv64-unknown-linux-gnu-gcc -c -g -O2  -fPIC -DPIC -DPIC conftest.c >&5
configure:9589: $? = 0
configure:9602: result: yes
configure:9631: checking if /opt/toolchain/Xuantie-900-gcc-linux-6.6.0-glibc-x86_64-V2.10.1/bin/riscv64-unknown-linux-gnu-gcc static flag -static works
configure:9659: result: yes
configure:9674: checking if /opt/toolchain/Xuantie-900-gcc-linux-6.6.0-glibc-x86_64-V2.10.1/bin/riscv64-unknown-linux-gnu-gcc supports -c -o file.o
configure:9695: /opt/toolchain/Xuantie-900-gcc-linux-6.6.0-glibc-x86_64-V2.10.1/bin/riscv64-unknown-linux-gnu-gcc -c -g -O2  -o out/conftest2.o conftest.c >&5
configure:9699: $? = 0
configure:9721: result: yes
configure:9729: checking if /opt/toolchain/Xuantie-900-gcc-linux-6.6.0-glibc-x86_64-V2.10.1/bin/riscv64-unknown-linux-gnu-gcc supports -c -o file.o
configure:9776: result: yes
configure:9809: checking whether the /opt/toolchain/Xuantie-900-gcc-linux-6.6.0-glibc-x86_64-V2.10.1/bin/riscv64-unknown-linux-gnu-gcc linker (/opt/toolchain/Xuantie-900-gcc-linux-6.6.0-glibc-x86_64-V2.10.1/riscv64-unknown-linux-gnu/bin/ld) supports shared libraries
configure:11068: result: yes
configure:11105: checking whether -lc should be explicitly linked in
configure:11113: /opt/toolchain/Xuantie-900-gcc-linux-6.6.0-glibc-x86_64-V2.10.1/bin/riscv64-unknown-linux-gnu-gcc -c -g -O2  conftest.c >&5
configure:11116: $? = 0
configure:11131: /opt/toolchain/Xuantie-900-gcc-linux-6.6.0-glibc-x86_64-V2.10.1/bin/riscv64-unknown-linux-gnu-gcc -shared  -fPIC -DPIC conftest.o  -v -Wl,-soname -Wl,conftest -o conftest 2\>\&1 \| /usr/bin/grep  -lc  \>/dev/null 2\>\&1
configure:11134: $? = 0
configure:11148: result: no
configure:11308: checking dynamic linker characteristics
configure:11889: /opt/toolchain/Xuantie-900-gcc-linux-6.6.0-glibc-x86_64-V2.10.1/bin/riscv64-unknown-linux-gnu-gcc -o conftest -g -O2   -Wl,-rpath -Wl,/foo conftest.c  >&5
configure:11889: $? = 0
configure:12129: result: GNU/Linux ld.so
configure:12251: checking how to hardcode library paths into programs
configure:12276: result: immediate
configure:12824: checking whether stripping libraries is possible
configure:12829: result: yes
configure:12864: checking if libtool supports shared libraries
configure:12866: result: yes
configure:12869: checking whether to build shared libraries
configure:12894: result: yes
configure:12897: checking whether to build static libraries
configure:12901: result: yes
configure:12943: checking for flex
configure:12959: found /usr/bin/flex
configure:12970: result: flex
configure:12985: checking for bison
configure:13001: found /usr/bin/bison
configure:13012: result: bison -y
configure:13024: checking for an ANSI C-conforming const
configure:13090: /opt/toolchain/Xuantie-900-gcc-linux-6.6.0-glibc-x86_64-V2.10.1/bin/riscv64-unknown-linux-gnu-gcc -c -g -O2  conftest.c >&5
configure:13090: $? = 0
configure:13097: result: yes
configure:13105: checking for inline
configure:13121: /opt/toolchain/Xuantie-900-gcc-linux-6.6.0-glibc-x86_64-V2.10.1/bin/riscv64-unknown-linux-gnu-gcc -c -g -O2  conftest.c >&5
configure:13121: $? = 0
configure:13129: result: inline
configure:13159: checking for riscv-linux-pkg-config
configure:13192: result: no
configure:13202: checking for pkg-config
configure:13220: found /usr/bin/pkg-config
configure:13232: result: /usr/bin/pkg-config
configure:13257: checking pkg-config is at least version 0.9.0
configure:13260: result: yes
configure:13270: checking for CHECK
configure:13277: $PKG_CONFIG --exists --print-errors "check >= 0.9.0"
Package check was not found in the pkg-config search path.
Perhaps you should add the directory containing `check.pc'
to the PKG_CONFIG_PATH environment variable
Package 'check', required by 'virtual:world', not found
configure:13280: $? = 1
configure:13294: $PKG_CONFIG --exists --print-errors "check >= 0.9.0"
Package check was not found in the pkg-config search path.
Perhaps you should add the directory containing `check.pc'
to the PKG_CONFIG_PATH environment variable
Package 'check', required by 'virtual:world', not found
configure:13297: $? = 1
configure:13311: result: no
Package 'check', required by 'virtual:world', not found
configure:13327: WARNING: *** Disabling building of unit tests
configure:13401: checking for dlfcn.h
configure:13401: result: yes
configure:13432: checking for pthread_mutex_lock in -lpthread
configure:13457: /opt/toolchain/Xuantie-900-gcc-linux-6.6.0-glibc-x86_64-V2.10.1/bin/riscv64-unknown-linux-gnu-gcc -o conftest -g -O2   conftest.c -lpthread   >&5
configure:13457: $? = 0
configure:13466: result: yes
configure:13501: checking for strerror_l
configure:13501: /opt/toolchain/Xuantie-900-gcc-linux-6.6.0-glibc-x86_64-V2.10.1/bin/riscv64-unknown-linux-gnu-gcc -o conftest -g -O2   conftest.c -lpthread  >&5
configure:13501: $? = 0
configure:13501: result: yes
configure:13630: checking that generated files are newer than configure
configure:13636: result: done
configure:13683: creating ./config.status

## ---------------------- ##
## Running config.status. ##
## ---------------------- ##

This file was extended by libnl config.status 3.5.0, which was
generated by GNU Autoconf 2.69.  Invocation command line was

  CONFIG_FILES    = 
  CONFIG_HEADERS  = 
  CONFIG_LINKS    = 
  CONFIG_COMMANDS = 
  $ ./config.status 

on jyh-Surface-Pro-6

config.status:1123: creating Makefile
config.status:1123: creating libnl-3.0.pc
config.status:1123: creating libnl-route-3.0.pc
config.status:1123: creating libnl-genl-3.0.pc
config.status:1123: creating libnl-nf-3.0.pc
config.status:1123: creating libnl-cli-3.0.pc
config.status:1123: creating libnl-xfrm-3.0.pc
config.status:1123: creating libnl-idiag-3.0.pc
config.status:1123: creating python/setup.py
config.status:1123: creating include/netlink/version.h
config.status:1123: creating lib/defs.h
config.status:1352: executing depfiles commands
config.status:1429: cd .       && sed -e '/# am--include-marker/d' Makefile         | make -f - am--depfiles
make[2]: Entering directory '/home/jyh/ws73_sdk_linux_ws73_1.10.110/open_source/libnl'
make[2]: Leaving directory '/home/jyh/ws73_sdk_linux_ws73_1.10.110/open_source/libnl'
config.status:1434: $? = 0
config.status:1352: executing libtool commands

## ---------------- ##
## Cache variables. ##
## ---------------- ##

ac_cv_build=x86_64-pc-linux-gnu
ac_cv_c_compiler_gnu=yes
ac_cv_c_const=yes
ac_cv_c_inline=inline
ac_cv_env_CC_set=set
ac_cv_env_CC_value=/opt/toolchain/Xuantie-900-gcc-linux-6.6.0-glibc-x86_64-V2.10.1/bin/riscv64-unknown-linux-gnu-gcc
ac_cv_env_CFLAGS_set=
ac_cv_env_CFLAGS_value=
ac_cv_env_CHECK_CFLAGS_set=
ac_cv_env_CHECK_CFLAGS_value=
ac_cv_env_CHECK_LIBS_set=
ac_cv_env_CHECK_LIBS_value=
ac_cv_env_CPPFLAGS_set=
ac_cv_env_CPPFLAGS_value=
ac_cv_env_CPP_set=
ac_cv_env_CPP_value=
ac_cv_env_LDFLAGS_set=
ac_cv_env_LDFLAGS_value=
ac_cv_env_LIBS_set=
ac_cv_env_LIBS_value=
ac_cv_env_LT_SYS_LIBRARY_PATH_set=
ac_cv_env_LT_SYS_LIBRARY_PATH_value=
ac_cv_env_PKG_CONFIG_LIBDIR_set=
ac_cv_env_PKG_CONFIG_LIBDIR_value=
ac_cv_env_PKG_CONFIG_PATH_set=
ac_cv_env_PKG_CONFIG_PATH_value=
ac_cv_env_PKG_CONFIG_set=
ac_cv_env_PKG_CONFIG_value=
ac_cv_env_build_alias_set=
ac_cv_env_build_alias_value=
ac_cv_env_host_alias_set=set
ac_cv_env_host_alias_value=riscv-linux
ac_cv_env_target_alias_set=
ac_cv_env_target_alias_value=
ac_cv_func_strerror_l=yes
ac_cv_header_dlfcn_h=yes
ac_cv_header_inttypes_h=yes
ac_cv_header_memory_h=yes
ac_cv_header_stdc=yes
ac_cv_header_stdint_h=yes
ac_cv_header_stdlib_h=yes
ac_cv_header_string_h=yes
ac_cv_header_strings_h=yes
ac_cv_header_sys_stat_h=yes
ac_cv_header_sys_types_h=yes
ac_cv_header_unistd_h=yes
ac_cv_host=riscv-unknown-linux-gnu
ac_cv_lib_pthread_pthread_mutex_lock=yes
ac_cv_objext=o
ac_cv_path_EGREP='/usr/bin/grep -E'
ac_cv_path_FGREP='/usr/bin/grep -F'
ac_cv_path_GREP=/usr/bin/grep
ac_cv_path_SED=/usr/bin/sed
ac_cv_path_ac_pt_PKG_CONFIG=/usr/bin/pkg-config
ac_cv_path_install='/usr/bin/install -c'
ac_cv_path_lt_DD=/usr/bin/dd
ac_cv_path_mkdir=/usr/bin/mkdir
ac_cv_prog_AR=ar
ac_cv_prog_AWK=gawk
ac_cv_prog_CC=/opt/toolchain/Xuantie-900-gcc-linux-6.6.0-glibc-x86_64-V2.10.1/bin/riscv64-unknown-linux-gnu-gcc
ac_cv_prog_CPP='/opt/toolchain/Xuantie-900-gcc-linux-6.6.0-glibc-x86_64-V2.10.1/bin/riscv64-unknown-linux-gnu-gcc -E'
ac_cv_prog_FLEX=flex
ac_cv_prog_STRIP=strip
ac_cv_prog_YACC='bison -y'
ac_cv_prog_ac_ct_AR=ar
ac_cv_prog_ac_ct_DUMPBIN='link -dump'
ac_cv_prog_ac_ct_MANIFEST_TOOL=mt
ac_cv_prog_ac_ct_OBJDUMP=objdump
ac_cv_prog_ac_ct_RANLIB=ranlib
ac_cv_prog_ac_ct_STRIP=strip
ac_cv_prog_cc_c89=
ac_cv_prog_cc_g=yes
ac_cv_prog_make_make_set=yes
am_cv_CC_dependencies_compiler_type=gcc3
am_cv_ar_interface=ar
am_cv_make_support_nested_variables=yes
am_cv_prog_cc_c_o=yes
lt_cv_ar_at_file=@
lt_cv_archive_cmds_need_lc=no
lt_cv_deplibs_check_method=pass_all
lt_cv_file_magic_cmd='$MAGIC_CMD'
lt_cv_file_magic_test_file=
lt_cv_ld_reload_flag=-r
lt_cv_nm_interface='BSD nm'
lt_cv_objdir=.libs
lt_cv_path_LD=/opt/toolchain/Xuantie-900-gcc-linux-6.6.0-glibc-x86_64-V2.10.1/riscv64-unknown-linux-gnu/bin/ld
lt_cv_path_NM=no
lt_cv_path_mainfest_tool=no
lt_cv_prog_compiler_c_o=yes
lt_cv_prog_compiler_pic='-fPIC -DPIC'
lt_cv_prog_compiler_pic_works=yes
lt_cv_prog_compiler_rtti_exceptions=no
lt_cv_prog_compiler_static_works=yes
lt_cv_prog_gnu_ld=yes
lt_cv_sharedlib_from_linklib_cmd='printf %s\n'
lt_cv_shlibpath_overrides_runpath=no
lt_cv_sys_global_symbol_pipe='sed -n -e '\''s/^.*[	 ]\([ABCDGIRSTW][ABCDGIRSTW]*\)[	 ][	 ]*\([_A-Za-z][_A-Za-z0-9]*\)$/\1 \2 \2/p'\'' | sed '\''/ __gnu_lto/d'\'''
lt_cv_sys_global_symbol_to_c_name_address='sed -n -e '\''s/^: \(.*\) .*$/  {"\1", (void *) 0},/p'\'' -e '\''s/^[ABCDGIRSTW][ABCDGIRSTW]* .* \(.*\)$/  {"\1", (void *) \&\1},/p'\'''
lt_cv_sys_global_symbol_to_c_name_address_lib_prefix='sed -n -e '\''s/^: \(.*\) .*$/  {"\1", (void *) 0},/p'\'' -e '\''s/^[ABCDGIRSTW][ABCDGIRSTW]* .* \(lib.*\)$/  {"\1", (void *) \&\1},/p'\'' -e '\''s/^[ABCDGIRSTW][ABCDGIRSTW]* .* \(.*\)$/  {"lib\1", (void *) \&\1},/p'\'''
lt_cv_sys_global_symbol_to_cdecl='sed -n -e '\''s/^T .* \(.*\)$/extern int \1();/p'\'' -e '\''s/^[ABCDGIRSTW][ABCDGIRSTW]* .* \(.*\)$/extern char \1;/p'\'''
lt_cv_sys_global_symbol_to_import=
lt_cv_sys_max_cmd_len=1572864
lt_cv_to_host_file_cmd=func_convert_file_noop
lt_cv_to_tool_file_cmd=func_convert_file_noop
lt_cv_truncate_bin='/usr/bin/dd bs=4096 count=1'

## ----------------- ##
## Output variables. ##
## ----------------- ##

ACLOCAL='${SHELL} /home/jyh/ws73_sdk_linux_ws73_1.10.110/open_source/libnl/build-aux/missing aclocal-1.16'
AMDEPBACKSLASH='\'
AMDEP_FALSE='#'
AMDEP_TRUE=''
AMTAR='$${TAR-tar}'
AM_BACKSLASH='\'
AM_DEFAULT_V='$(AM_DEFAULT_VERBOSITY)'
AM_DEFAULT_VERBOSITY='0'
AM_V='$(V)'
AR='ar'
AUTOCONF='${SHELL} /home/jyh/ws73_sdk_linux_ws73_1.10.110/open_source/libnl/build-aux/missing autoconf'
AUTOHEADER='${SHELL} /home/jyh/ws73_sdk_linux_ws73_1.10.110/open_source/libnl/build-aux/missing autoheader'
AUTOMAKE='${SHELL} /home/jyh/ws73_sdk_linux_ws73_1.10.110/open_source/libnl/build-aux/missing automake-1.16'
AWK='gawk'
CC='/opt/toolchain/Xuantie-900-gcc-linux-6.6.0-glibc-x86_64-V2.10.1/bin/riscv64-unknown-linux-gnu-gcc'
CCDEPMODE='depmode=gcc3'
CFLAGS='-g -O2'
CHECK_CFLAGS=''
CHECK_LIBS=''
CPP='/opt/toolchain/Xuantie-900-gcc-linux-6.6.0-glibc-x86_64-V2.10.1/bin/riscv64-unknown-linux-gnu-gcc -E'
CPPFLAGS=''
CYGPATH_W='echo'
DEFS='-DHAVE_CONFIG_H'
DEPDIR='.deps'
DISABLE_PTHREADS_FALSE=''
DISABLE_PTHREADS_TRUE='#'
DLLTOOL='false'
DSYMUTIL=''
DUMPBIN=':'
ECHO_C=''
ECHO_N='-n'
ECHO_T=''
EGREP='/usr/bin/grep -E'
ENABLE_CLI_FALSE='#'
ENABLE_CLI_INSTALL_BIN_FALSE='#'
ENABLE_CLI_INSTALL_BIN_TRUE=''
ENABLE_CLI_INSTALL_SBIN_FALSE=''
ENABLE_CLI_INSTALL_SBIN_TRUE='#'
ENABLE_CLI_TRUE=''
EXEEXT=''
FGREP='/usr/bin/grep -F'
FLEX='flex'
GREP='/usr/bin/grep'
INSTALL_DATA='${INSTALL} -m 644'
INSTALL_PROGRAM='${INSTALL}'
INSTALL_SCRIPT='${INSTALL}'
INSTALL_STRIP_PROGRAM='$(install_sh) -c -s'
LD='/opt/toolchain/Xuantie-900-gcc-linux-6.6.0-glibc-x86_64-V2.10.1/riscv64-unknown-linux-gnu/bin/ld'
LDFLAGS=''
LIBNL_VERSION='3.5.0'
LIBOBJS=''
LIBS='-lpthread '
LIBTOOL='$(SHELL) $(top_builddir)/libtool'
LIPO=''
LN_S='ln -s'
LTLIBOBJS=''
LT_AGE='26'
LT_CURRENT='226'
LT_REVISION='0'
LT_SYS_LIBRARY_PATH=''
MAJ_VERSION='3'
MAKEINFO='${SHELL} /home/jyh/ws73_sdk_linux_ws73_1.10.110/open_source/libnl/build-aux/missing makeinfo'
MANIFEST_TOOL=':'
MIC_VERSION='0'
MIN_VERSION='5'
MKDIR_P='/usr/bin/mkdir -p'
NM='nm'
NMEDIT=''
OBJDUMP='objdump'
OBJEXT='o'
OTOOL64=''
OTOOL=''
PACKAGE='libnl'
PACKAGE_BUGREPORT=''
PACKAGE_NAME='libnl'
PACKAGE_STRING='libnl 3.5.0'
PACKAGE_TARNAME='libnl'
PACKAGE_URL='http://www.infradead.org/~tgr/libnl/'
PACKAGE_VERSION='3.5.0'
PATH_SEPARATOR=':'
PKG_CONFIG='/usr/bin/pkg-config'
PKG_CONFIG_LIBDIR=''
PKG_CONFIG_PATH=''
RANLIB='ranlib'
SED='/usr/bin/sed'
SET_MAKE=''
SHELL='/bin/bash'
STRIP='strip'
VERSION='3.5.0'
WITH_CHECK_FALSE=''
WITH_CHECK_TRUE='#'
YACC='bison -y'
ac_ct_AR='ar'
ac_ct_CC=''
ac_ct_DUMPBIN='link -dump'
am__EXEEXT_FALSE=''
am__EXEEXT_TRUE='#'
am__fastdepCC_FALSE='#'
am__fastdepCC_TRUE=''
am__include='include'
am__isrc=''
am__leading_dot='.'
am__nodep='_no'
am__quote=''
am__tar='$${TAR-tar} chof - "$$tardir"'
am__untar='$${TAR-tar} xf -'
bindir='${exec_prefix}/bin'
build='x86_64-pc-linux-gnu'
build_alias=''
build_cpu='x86_64'
build_os='linux-gnu'
build_vendor='pc'
datadir='${datarootdir}'
datarootdir='${prefix}/share'
docdir='${datarootdir}/doc/${PACKAGE_TARNAME}'
dvidir='${docdir}'
exec_prefix='${prefix}'
host='riscv-unknown-linux-gnu'
host_alias='riscv-linux'
host_cpu='riscv'
host_os='linux-gnu'
host_vendor='unknown'
htmldir='${docdir}'
includedir='${prefix}/include'
infodir='${datarootdir}/info'
install_sh='${SHELL} /home/jyh/ws73_sdk_linux_ws73_1.10.110/open_source/libnl/build-aux/install-sh'
libdir='${exec_prefix}/lib'
libexecdir='${exec_prefix}/libexec'
localedir='${datarootdir}/locale'
localstatedir='${prefix}/var'
mandir='${datarootdir}/man'
mkdir_p='$(MKDIR_P)'
oldincludedir='/usr/include'
pdfdir='${docdir}'
pkgconfigdir='${libdir}/pkgconfig'
prefix='/home/jyh/ws73_sdk_linux_ws73_1.10.110/output/build/open_source/libnl'
program_transform_name='s,x,x,'
psdir='${docdir}'
sbindir='${exec_prefix}/sbin'
sharedstatedir='${prefix}/com'
subdirs=' doc'
sysconfdir='${prefix}/etc'
target_alias=''

## ----------- ##
## confdefs.h. ##
## ----------- ##

/* confdefs.h */
#define PACKAGE_NAME "libnl"
#define PACKAGE_TARNAME "libnl"
#define PACKAGE_VERSION "3.5.0"
#define PACKAGE_STRING "libnl 3.5.0"
#define PACKAGE_BUGREPORT ""
#define PACKAGE_URL "http://www.infradead.org/~tgr/libnl/"
#define PACKAGE "libnl"
#define VERSION "3.5.0"
#define STDC_HEADERS 1
#define HAVE_SYS_TYPES_H 1
#define HAVE_SYS_STAT_H 1
#define HAVE_STDLIB_H 1
#define HAVE_STRING_H 1
#define HAVE_MEMORY_H 1
#define HAVE_STRINGS_H 1
#define HAVE_INTTYPES_H 1
#define HAVE_STDINT_H 1
#define HAVE_UNISTD_H 1
#define HAVE_DLFCN_H 1
#define LT_OBJDIR ".libs/"
#define HAVE_DLFCN_H 1
#define HAVE_LIBPTHREAD 1
#define NL_DEBUG 1
#define HAVE_STRERROR_L 1

configure: exit 0
